2025-06-24T19:30:24.9300125Z Current runner version: '2.325.0'
2025-06-24T19:30:24.9326694Z ##[group]Operating System
2025-06-24T19:30:24.9327501Z Ubuntu
2025-06-24T19:30:24.9328063Z 24.04.2
2025-06-24T19:30:24.9328545Z LTS
2025-06-24T19:30:24.9328984Z ##[endgroup]
2025-06-24T19:30:24.9329560Z ##[group]Runner Image
2025-06-24T19:30:24.9330183Z Image: ubuntu-24.04
2025-06-24T19:30:24.9330711Z Version: 20250622.1.0
2025-06-24T19:30:24.9331760Z Included Software: https://github.com/actions/runner-images/blob/ubuntu24/20250622.1/images/ubuntu/Ubuntu2404-Readme.md
2025-06-24T19:30:24.9333164Z Image Release: https://github.com/actions/runner-images/releases/tag/ubuntu24%2F20250622.1
2025-06-24T19:30:24.9334195Z ##[endgroup]
2025-06-24T19:30:24.9335187Z ##[group]Runner Image Provisioner
2025-06-24T19:30:24.9335851Z 2.0.437.1
2025-06-24T19:30:24.9336278Z ##[endgroup]
2025-06-24T19:30:24.9337402Z ##[group]GITHUB_TOKEN Permissions
2025-06-24T19:30:24.9339312Z Contents: read
2025-06-24T19:30:24.9339854Z Metadata: read
2025-06-24T19:30:24.9340652Z Packages: read
2025-06-24T19:30:24.9341196Z ##[endgroup]
2025-06-24T19:30:24.9343365Z Secret source: Actions
2025-06-24T19:30:24.9344031Z Prepare workflow directory
2025-06-24T19:30:24.9737965Z Prepare all required actions
2025-06-24T19:30:24.9776554Z Getting action download info
2025-06-24T19:30:25.3381173Z ##[group]Download immutable action package 'actions/checkout@v4'
2025-06-24T19:30:25.3382337Z Version: 4.2.2
2025-06-24T19:30:25.3383303Z Digest: sha256:ccb2698953eaebd21c7bf6268a94f9c26518a7e38e27e0b83c1fe1ad049819b1
2025-06-24T19:30:25.3384619Z Source commit SHA: 11bd71901bbe5b1630ceea73d27597364c9af683
2025-06-24T19:30:25.3385452Z ##[endgroup]
2025-06-24T19:30:25.4908428Z Complete job name: run-tests
2025-06-24T19:30:25.5710615Z ##[group]Run actions/checkout@v4
2025-06-24T19:30:25.5711474Z with:
2025-06-24T19:30:25.5711912Z   repository: hratcliffe/miniature-broccoli
2025-06-24T19:30:25.5712631Z   token: ***
2025-06-24T19:30:25.5713022Z   ssh-strict: true
2025-06-24T19:30:25.5713416Z   ssh-user: git
2025-06-24T19:30:25.5713836Z   persist-credentials: true
2025-06-24T19:30:25.5714286Z   clean: true
2025-06-24T19:30:25.5714909Z   sparse-checkout-cone-mode: true
2025-06-24T19:30:25.5715407Z   fetch-depth: 1
2025-06-24T19:30:25.5715827Z   fetch-tags: false
2025-06-24T19:30:25.5716235Z   show-progress: true
2025-06-24T19:30:25.5716638Z   lfs: false
2025-06-24T19:30:25.5717008Z   submodules: false
2025-06-24T19:30:25.5717412Z   set-safe-directory: true
2025-06-24T19:30:25.5718121Z ##[endgroup]
2025-06-24T19:30:25.7597504Z Syncing repository: hratcliffe/miniature-broccoli
2025-06-24T19:30:25.7600601Z ##[group]Getting Git version info
2025-06-24T19:30:25.7602109Z Working directory is '/home/runner/work/miniature-broccoli/miniature-broccoli'
2025-06-24T19:30:25.7604157Z [command]/usr/bin/git version
2025-06-24T19:30:25.7644794Z git version 2.49.0
2025-06-24T19:30:25.7673789Z ##[endgroup]
2025-06-24T19:30:25.7698723Z Temporarily overriding HOME='/home/runner/work/_temp/015d6ee5-5946-454c-bc8f-a6bf9791a873' before making global git config changes
2025-06-24T19:30:25.7702552Z Adding repository directory to the temporary git global config as a safe directory
2025-06-24T19:30:25.7706565Z [command]/usr/bin/git config --global --add safe.directory /home/runner/work/miniature-broccoli/miniature-broccoli
2025-06-24T19:30:25.7744252Z Deleting the contents of '/home/runner/work/miniature-broccoli/miniature-broccoli'
2025-06-24T19:30:25.7748024Z ##[group]Initializing the repository
2025-06-24T19:30:25.7753991Z [command]/usr/bin/git init /home/runner/work/miniature-broccoli/miniature-broccoli
2025-06-24T19:30:25.7829353Z hint: Using 'master' as the name for the initial branch. This default branch name
2025-06-24T19:30:25.7831332Z hint: is subject to change. To configure the initial branch name to use in all
2025-06-24T19:30:25.7833879Z hint: of your new repositories, which will suppress this warning, call:
2025-06-24T19:30:25.7836480Z hint:
2025-06-24T19:30:25.7838014Z hint: 	git config --global init.defaultBranch <name>
2025-06-24T19:30:25.7840366Z hint:
2025-06-24T19:30:25.7842207Z hint: Names commonly chosen instead of 'master' are 'main', 'trunk' and
2025-06-24T19:30:25.7845493Z hint: 'development'. The just-created branch can be renamed via this command:
2025-06-24T19:30:25.7848174Z hint:
2025-06-24T19:30:25.7849451Z hint: 	git branch -m <name>
2025-06-24T19:30:25.7852400Z Initialized empty Git repository in /home/runner/work/miniature-broccoli/miniature-broccoli/.git/
2025-06-24T19:30:25.7857785Z [command]/usr/bin/git remote add origin https://github.com/hratcliffe/miniature-broccoli
2025-06-24T19:30:25.7886364Z ##[endgroup]
2025-06-24T19:30:25.7888893Z ##[group]Disabling automatic garbage collection
2025-06-24T19:30:25.7891197Z [command]/usr/bin/git config --local gc.auto 0
2025-06-24T19:30:25.7922163Z ##[endgroup]
2025-06-24T19:30:25.7923597Z ##[group]Setting up auth
2025-06-24T19:30:25.7929239Z [command]/usr/bin/git config --local --name-only --get-regexp core\.sshCommand
2025-06-24T19:30:25.7965220Z [command]/usr/bin/git submodule foreach --recursive sh -c "git config --local --name-only --get-regexp 'core\.sshCommand' && git config --local --unset-all 'core.sshCommand' || :"
2025-06-24T19:30:25.8253899Z [command]/usr/bin/git config --local --name-only --get-regexp http\.https\:\/\/github\.com\/\.extraheader
2025-06-24T19:30:25.8285556Z [command]/usr/bin/git submodule foreach --recursive sh -c "git config --local --name-only --get-regexp 'http\.https\:\/\/github\.com\/\.extraheader' && git config --local --unset-all 'http.https://github.com/.extraheader' || :"
2025-06-24T19:30:25.8512718Z [command]/usr/bin/git config --local http.https://github.com/.extraheader AUTHORIZATION: basic ***
2025-06-24T19:30:25.8557583Z ##[endgroup]
2025-06-24T19:30:25.8566408Z ##[group]Fetching the repository
2025-06-24T19:30:25.8570252Z [command]/usr/bin/git -c protocol.version=2 fetch --no-tags --prune --no-recurse-submodules --depth=1 origin +4a6cfd149130a4e0740ae26273403dac442b95e2:refs/remotes/origin/main
2025-06-24T19:30:26.3270115Z From https://github.com/hratcliffe/miniature-broccoli
2025-06-24T19:30:26.3272290Z  * [new ref]         4a6cfd149130a4e0740ae26273403dac442b95e2 -> origin/main
2025-06-24T19:30:26.3299015Z ##[endgroup]
2025-06-24T19:30:26.3301034Z ##[group]Determining the checkout info
2025-06-24T19:30:26.3303174Z ##[endgroup]
2025-06-24T19:30:26.3304997Z [command]/usr/bin/git sparse-checkout disable
2025-06-24T19:30:26.3351501Z [command]/usr/bin/git config --local --unset-all extensions.worktreeConfig
2025-06-24T19:30:26.3380289Z ##[group]Checking out the ref
2025-06-24T19:30:26.3383562Z [command]/usr/bin/git checkout --progress --force -B main refs/remotes/origin/main
2025-06-24T19:30:26.3425949Z Switched to a new branch 'main'
2025-06-24T19:30:26.3428443Z branch 'main' set up to track 'origin/main'.
2025-06-24T19:30:26.3435647Z ##[endgroup]
2025-06-24T19:30:26.3470914Z [command]/usr/bin/git log -1 --format=%H
2025-06-24T19:30:26.3495434Z 4a6cfd149130a4e0740ae26273403dac442b95e2
2025-06-24T19:30:26.3711796Z ##[group]Run echo "Hello world"
2025-06-24T19:30:26.3712876Z [36;1mecho "Hello world"[0m
2025-06-24T19:30:26.3813884Z shell: /usr/bin/bash -e {0}
2025-06-24T19:30:26.3815047Z ##[endgroup]
2025-06-24T19:30:26.3927073Z Hello world
2025-06-24T19:30:26.3990714Z ##[group]Run pip install pytest
2025-06-24T19:30:26.3991753Z [36;1mpip install pytest[0m
2025-06-24T19:30:26.3992650Z [36;1mpytest test.py[0m
2025-06-24T19:30:26.4053295Z shell: /usr/bin/bash -e {0}
2025-06-24T19:30:26.4054181Z ##[endgroup]
2025-06-24T19:30:26.8173550Z Defaulting to user installation because normal site-packages is not writeable
2025-06-24T19:30:27.2374751Z Collecting pytest
2025-06-24T19:30:27.3073978Z   Downloading pytest-8.4.1-py3-none-any.whl.metadata (7.7 kB)
2025-06-24T19:30:27.3395653Z Collecting iniconfig>=1 (from pytest)
2025-06-24T19:30:27.3495529Z   Downloading iniconfig-2.1.0-py3-none-any.whl.metadata (2.7 kB)
2025-06-24T19:30:27.3541546Z Requirement already satisfied: packaging>=20 in /usr/lib/python3/dist-packages (from pytest) (24.0)
2025-06-24T19:30:27.3808695Z Collecting pluggy<2,>=1.5 (from pytest)
2025-06-24T19:30:27.3910175Z   Downloading pluggy-1.6.0-py3-none-any.whl.metadata (4.8 kB)
2025-06-24T19:30:27.3962598Z Requirement already satisfied: pygments>=2.7.2 in /usr/lib/python3/dist-packages (from pytest) (2.17.2)
2025-06-24T19:30:27.4133399Z Downloading pytest-8.4.1-py3-none-any.whl (365 kB)
2025-06-24T19:30:27.4496622Z    ━━━━━━━━━━━━━━━━━━━━━━━━━━━━━━━━━━━━━━━━ 365.5/365.5 kB 11.2 MB/s eta 0:00:00
2025-06-24T19:30:27.4597139Z Downloading iniconfig-2.1.0-py3-none-any.whl (6.0 kB)
2025-06-24T19:30:27.4722476Z Downloading pluggy-1.6.0-py3-none-any.whl (20 kB)
2025-06-24T19:30:27.7403371Z Installing collected packages: pluggy, iniconfig, pytest
2025-06-24T19:30:27.9754133Z Successfully installed iniconfig-2.1.0 pluggy-1.6.0 pytest-8.4.1
2025-06-24T19:30:28.2777632Z ============================= test session starts ==============================
2025-06-24T19:30:28.2778705Z platform linux -- Python 3.12.3, pytest-8.4.1, pluggy-1.6.0
2025-06-24T19:30:28.2779679Z rootdir: /home/runner/work/miniature-broccoli/miniature-broccoli
2025-06-24T19:30:28.2780416Z collected 7 items
2025-06-24T19:30:28.2780700Z 
2025-06-24T19:30:28.3049237Z test.py .......                                                          [100%]
2025-06-24T19:30:28.3049795Z 
2025-06-24T19:30:28.3050042Z ============================== 7 passed in 0.02s ===============================
2025-06-24T19:30:28.3338531Z Post job cleanup.
2025-06-24T19:30:28.4271629Z [command]/usr/bin/git version
2025-06-24T19:30:28.4312301Z git version 2.49.0
2025-06-24T19:30:28.4356414Z Temporarily overriding HOME='/home/runner/work/_temp/cff9b4c1-4e23-4a74-ad83-3776e1b78341' before making global git config changes
2025-06-24T19:30:28.4357366Z Adding repository directory to the temporary git global config as a safe directory
2025-06-24T19:30:28.4370363Z [command]/usr/bin/git config --global --add safe.directory /home/runner/work/miniature-broccoli/miniature-broccoli
2025-06-24T19:30:28.4405970Z [command]/usr/bin/git config --local --name-only --get-regexp core\.sshCommand
2025-06-24T19:30:28.4438639Z [command]/usr/bin/git submodule foreach --recursive sh -c "git config --local --name-only --get-regexp 'core\.sshCommand' && git config --local --unset-all 'core.sshCommand' || :"
2025-06-24T19:30:28.4671039Z [command]/usr/bin/git config --local --name-only --get-regexp http\.https\:\/\/github\.com\/\.extraheader
2025-06-24T19:30:28.4693226Z http.https://github.com/.extraheader
2025-06-24T19:30:28.4706810Z [command]/usr/bin/git config --local --unset-all http.https://github.com/.extraheader
2025-06-24T19:30:28.4737811Z [command]/usr/bin/git submodule foreach --recursive sh -c "git config --local --name-only --get-regexp 'http\.https\:\/\/github\.com\/\.extraheader' && git config --local --unset-all 'http.https://github.com/.extraheader' || :"
2025-06-24T19:30:28.5074018Z Cleaning up orphan processes
